// Jest Snapshot v1, https://goo.gl/fbAQLP

exports[`ListContainer Tests should render without crashing 1`] = `
<DocumentFragment>
  <div />
</DocumentFragment>
`;
